17:57:29 **** Incremental Build of configuration Debug for project 002Sampleapp ****
make -j8 all 
arm-none-eabi-gcc "../Src/main.c" -mcpu=cortex-m4 -std=gnu11 -g3 -DSTM32 -DSTM32F4 -DSTM32F446RETx -DDEBUG -c -I../Inc -O0 -ffunction-sections -fdata-sections -Wall -fstack-usage -MMD -MP -MF"Src/main.d" -MT"Src/main.o" --specs=nano.specs -mfpu=fpv4-sp-d16 -mfloat-abi=hard -mthumb -o "Src/main.o"
arm-none-eabi-gcc -o "002Sampleapp.elf" @"objects.list"   -mcpu=cortex-m4 -T"C:\Users\Admin\Documents\MCU1 course\MCU1\002\STM32F446RETX_FLASH.ld" --specs=nosys.specs -Wl,-Map="002Sampleapp.map" -Wl,--gc-sections -static --specs=nano.specs -mfpu=fpv4-sp-d16 -mfloat-abi=hard -mthumb -Wl,--start-group -lc -lm -Wl,--end-group
Finished building target: 002Sampleapp.elf
 
arm-none-eabi-objdump -h -S  002Sampleapp.elf  > "002Sampleapp.list"
arm-none-eabi-objcopy  -O binary  002Sampleapp.elf  "002Sampleapp.bin"
arm-none-eabi-size   002Sampleapp.elf 
   text	   data	    bss	    dec	    hex	filename
   5820	    180	   1580	   7580	   1d9c	002Sampleapp.elf
Finished building: default.size.stdout
 
Finished building: 002Sampleapp.bin
 
Finished building: 002Sampleapp.list
 

17:57:30 Build Finished. 0 errors, 0 warnings. (took 1s.630ms)

