13:01:19 **** Incremental Build of configuration Debug for project stm32f446xx_drivers ****
make -j8 all 
arm-none-eabi-size   stm32f446xx_drivers.elf 
   text	   data	    bss	    dec	    hex	filename
   1496	      8	   1568	   3072	    c00	stm32f446xx_drivers.elf
Finished building: default.size.stdout
 
13:01:28 **** Incremental Build of configuration Debug for project stm32f446xx_drivers ****
make -j8 all 
arm-none-eabi-size   stm32f446xx_drivers.elf 
   text	   data	    bss	    dec	    hex	filename
   1496	      8	   1568	   3072	    c00	stm32f446xx_drivers.elf
Finished building: default.size.stdout
 
13:03:29 **** Incremental Build of configuration Debug for project stm32f446xx_drivers ****
make -j8 all 
arm-none-eabi-size   stm32f446xx_drivers.elf 
   text	   data	    bss	    dec	    hex	filename
   1496	      8	   1568	   3072	    c00	stm32f446xx_drivers.elf
Finished building: default.size.stdout
 
13:03:54 **** Incremental Build of configuration Debug for project stm32f446xx_drivers ****
make -j8 all 
arm-none-eabi-size   stm32f446xx_drivers.elf 
   text	   data	    bss	    dec	    hex	filename
   1496	      8	   1568	   3072	    c00	stm32f446xx_drivers.elf
Finished building: default.size.stdout
 
13:04:03 **** Incremental Build of configuration Debug for project stm32f446xx_drivers ****
make -j8 all 
arm-none-eabi-size   stm32f446xx_drivers.elf 
   text	   data	    bss	    dec	    hex	filename
   1496	      8	   1568	   3072	    c00	stm32f446xx_drivers.elf
Finished building: default.size.stdout
 
