21:36:05 **** Incremental Build of configuration Debug for project peripheral_clock ****
make -j8 all 
arm-none-eabi-gcc "../Src/main.c" -mcpu=cortex-m4 -std=gnu11 -g3 -DSTM32 -DSTM32F4 -DSTM32F446RETx -DDEBUG -DNUCLEO_F446RE -c -I../Inc -O0 -ffunction-sections -fdata-sections -Wall -fstack-usage -MMD -MP -MF"Src/main.d" -MT"Src/main.o" --specs=nano.specs -mfpu=fpv4-sp-d16 -mfloat-abi=hard -mthumb -o "Src/main.o"
../Src/main.c:21:4: warning: #warning "FPU is not initialized, but the project is compiling for an FPU. Please initialize the FPU before use." [-Wcpp]
   #warning "FPU is not initialized, but the project is compiling for an FPU. Please initialize the FPU before use."
    ^~~~~~~
arm-none-eabi-gcc -o "peripheral_clock.elf" @"objects.list"   -mcpu=cortex-m4 -T"C:\Users\Admin\Documents\MCU1 course\MCU1\peripheral_clock\STM32F446RETX_FLASH.ld" --specs=nosys.specs -Wl,-Map="peripheral_clock.map" -Wl,--gc-sections -static --specs=nano.specs -mfpu=fpv4-sp-d16 -mfloat-abi=hard -mthumb -Wl,--start-group -lc -lm -Wl,--end-group
Finished building target: peripheral_clock.elf
 
arm-none-eabi-objdump -h -S  peripheral_clock.elf  > "peripheral_clock.list"
arm-none-eabi-objcopy  -O binary  peripheral_clock.elf  "peripheral_clock.bin"
arm-none-eabi-size   peripheral_clock.elf 
   text	   data	    bss	    dec	    hex	filename
    744	      8	   1568	   2320	    910	peripheral_clock.elf
Finished building: default.size.stdout
 
Finished building: peripheral_clock.list
Finished building: peripheral_clock.bin
 
 

21:36:06 Build Finished. 0 errors, 1 warnings. (took 890ms)

